2025-10-12 08:38:56,986 - __main__ - INFO - Starting Smart Safety Map application...
2025-10-12 08:38:57,195 - __main__ - INFO - Launching application on 0.0.0.0:7860
2025-10-12 08:38:57,335 - httpx - INFO - HTTP Request: GET http://localhost:7860/gradio_api/startup-events "HTTP/1.1 200 OK"
2025-10-12 08:38:57,357 - httpx - INFO - HTTP Request: HEAD http://localhost:7860/ "HTTP/1.1 200 OK"
2025-10-12 08:38:57,722 - httpx - INFO - HTTP Request: GET https://api.gradio.app/pkg-version "HTTP/1.1 200 OK"
2025-10-12 08:39:01,731 - __main__ - INFO - ============================================================
2025-10-12 08:39:01,732 - __main__ - INFO - Processing address: Marktgasse 19, Bern
2025-10-12 08:39:01,733 - __main__ - INFO - ============================================================
2025-10-12 08:39:01,734 - __main__ - INFO - Geocoding address: Marktgasse 19, Bern
2025-10-12 08:39:01,761 - __main__ - INFO - Successfully geocoded: Marktgasse 19 <b>3011 Bern</b>
2025-10-12 08:39:01,762 - __main__ - INFO - Searching EGID for coordinates: lat=46.947647, lon=7.446345
2025-10-12 08:39:01,777 - __main__ - INFO - EGID found: 191178350
2025-10-12 08:39:01,777 - __main__ - INFO - Fetching GWR data for EGID: 191178350
2025-10-12 08:39:02,033 - __main__ - INFO - Successfully retrieved GWR data: BuildingInfo(egid='191178350', construction_year=2014, building_category='1020', dwelling_count=None)
2025-10-12 08:39:02,044 - __main__ - INFO - Map created successfully
2025-10-12 08:39:02,044 - __main__ - INFO - Location: Marktgasse 19 <b>3011 Bern</b>
2025-10-12 08:39:02,044 - __main__ - INFO - EGID: 191178350
2025-10-12 08:39:02,044 - __main__ - INFO - Building info: BuildingInfo(egid='191178350', construction_year=2014, building_category='1020', dwelling_count=None)
2025-10-12 08:39:08,926 - __main__ - INFO - ============================================================
2025-10-12 08:39:08,926 - __main__ - INFO - Processing address: Marktgasse 19, Bern
2025-10-12 08:39:08,926 - __main__ - INFO - ============================================================
2025-10-12 08:39:08,926 - __main__ - INFO - Geocoding address: Marktgasse 19, Bern
2025-10-12 08:39:08,938 - __main__ - INFO - Successfully geocoded: Marktgasse 19 <b>3011 Bern</b>
2025-10-12 08:39:08,938 - __main__ - INFO - Searching EGID for coordinates: lat=46.947647, lon=7.446345
2025-10-12 08:39:08,962 - __main__ - INFO - EGID found: 191178350
2025-10-12 08:39:08,962 - __main__ - INFO - Fetching GWR data for EGID: 191178350
2025-10-12 08:39:09,139 - __main__ - INFO - Successfully retrieved GWR data: BuildingInfo(egid='191178350', construction_year=2014, building_category='1020', dwelling_count=None)
2025-10-12 08:39:09,154 - __main__ - INFO - Map created successfully
2025-10-12 08:39:09,154 - __main__ - INFO - Location: Marktgasse 19 <b>3011 Bern</b>
2025-10-12 08:39:09,154 - __main__ - INFO - EGID: 191178350
2025-10-12 08:39:09,154 - __main__ - INFO - Building info: BuildingInfo(egid='191178350', construction_year=2014, building_category='1020', dwelling_count=None)
